// Jest Snapshot v1, https://goo.gl/fbAQLP

exports[`AppInput.vue has same HTML structure 1`] = `<input type="text" placeholder="Text" value="some text" class="app-input">`;
