// Jest Snapshot v1, https://goo.gl/fbAQLP

exports[`AppTextarea.vue has same HTML structure 1`] = `<textarea value="some text" class="app-textarea">some text</textarea>`;
