// Jest Snapshot v1, https://goo.gl/fbAQLP

exports[`PagePaginationItem.vue has same HTML structure 1`] = `<div class="page-pagination-item"><span>next page</span></div>`;
