// Jest Snapshot v1, https://goo.gl/fbAQLP

exports[`TheOneSignal.vue has same HTML structure 1`] = `<script src="https://cdn.onesignal.com/sdks/OneSignalSDK.js" async="async"></script>`;
